A suitable version of cmake was not found (required v4.2.3).
Extracting cmake...
Detecting compiler hash for triplet x64-windows...
-- Automatically setting %HTTP(S)_PROXY% environment variables to "127.0.0.1:11719".
Compiler found: G:/Microsoft Visual Studio/18/Community/VC/Tools/MSVC/14.50.35717/bin/Hostx64/x64/cl.exe
The following packages will be built and installed:
    asio:x64-windows@1.32.0
    nlohmann-json:x64-windows@3.12.0#2
  * vcpkg-cmake:x64-windows@2024-04-23
  * vcpkg-cmake-config:x64-windows@2024-05-23
Additional packages (*) will be modified to complete this operation.
Restored 0 package(s) from C:\Users\20570\AppData\Local\vcpkg\archives in 2.39 ms. Use --debug to see more details.
Installing 1/4 vcpkg-cmake-config:x64-windows@2024-05-23...
vcpkg-cmake-config:x64-windows@2024-05-23 package ABI: 1462c22c8924249595fd727a91dffdb4ad090d941ff2b8273a2355e7f1d143d0
Building vcpkg-cmake-config:x64-windows@2024-05-23...
-- Installing: G:/vcpkg/packages/vcpkg-cmake-config_x64-windows/share/vcpkg-cmake-config/vcpkg_cmake_config_fixup.cmake
-- Installing: G:/vcpkg/packages/vcpkg-cmake-config_x64-windows/share/vcpkg-cmake-config/vcpkg-port-config.cmake
-- Installing: G:/vcpkg/packages/vcpkg-cmake-config_x64-windows/share/vcpkg-cmake-config/copyright
-- Skipping post-build validation due to VCPKG_POLICY_EMPTY_PACKAGE
Starting submission of vcpkg-cmake-config:x64-windows@2024-05-23 to 1 binary cache(s) in the background
Elapsed time to handle vcpkg-cmake-config:x64-windows: 129 ms
Installing 2/4 vcpkg-cmake:x64-windows@2024-04-23...
vcpkg-cmake:x64-windows@2024-04-23 package ABI: 95904aacc863b71eedf42d5f487a7eee313ab27b55e9899642905de67f8a703b
Building vcpkg-cmake:x64-windows@2024-04-23...
-- Installing: G:/vcpkg/packages/vcpkg-cmake_x64-windows/share/vcpkg-cmake/vcpkg_cmake_configure.cmake
-- Installing: G:/vcpkg/packages/vcpkg-cmake_x64-windows/share/vcpkg-cmake/vcpkg_cmake_build.cmake
-- Installing: G:/vcpkg/packages/vcpkg-cmake_x64-windows/share/vcpkg-cmake/vcpkg_cmake_install.cmake
-- Installing: G:/vcpkg/packages/vcpkg-cmake_x64-windows/share/vcpkg-cmake/vcpkg-port-config.cmake
-- Installing: G:/vcpkg/packages/vcpkg-cmake_x64-windows/share/vcpkg-cmake/copyright
-- Performing post-build validation
Starting submission of vcpkg-cmake:x64-windows@2024-04-23 to 1 binary cache(s) in the background
Elapsed time to handle vcpkg-cmake:x64-windows: 136 ms
Completed submission of vcpkg-cmake-config:x64-windows@2024-05-23 to 1 binary cache(s) in 40.5 ms
Installing 3/4 asio:x64-windows@1.32.0...
asio:x64-windows@1.32.0 package ABI: 55838ca456f8eab4cd726aacbcef6290beb73e1c6744b3be35875d1709f716ca
Building asio:x64-windows@1.32.0...
-- Using cached chriskohlhoff-asio-asio-1-32-0.tar.gz
-- Cleaning sources at G:/vcpkg/buildtrees/asio/src/sio-1-32-0-e4cfb7a1b9.clean. Use --editable to skip cleaning for the packages you specify.
-- Extracting source G:/vcpkg/downloads/chriskohlhoff-asio-asio-1-32-0.tar.gz
-- Using source at G:/vcpkg/buildtrees/asio/src/sio-1-32-0-e4cfb7a1b9.clean
-- Configuring x64-windows
-- Building x64-windows-rel
-- Fixing pkgconfig file: G:/vcpkg/packages/asio_x64-windows/share/pkgconfig/asio.pc
Downloading msys2-mingw-w64-x86_64-pkgconf-1~2.5.1-1-any.pkg.tar.zst, trying https://mirror.msys2.org/mingw/mingw64/mingw-w64-x86_64-pkgconf-1~2.5.1-1-any.pkg.tar.zst
Successfully downloaded msys2-mingw-w64-x86_64-pkgconf-1~2.5.1-1-any.pkg.tar.zst
Downloading msys2-msys2-runtime-3.6.5-1-x86_64.pkg.tar.zst, trying https://mirror.msys2.org/msys/x86_64/msys2-runtime-3.6.5-1-x86_64.pkg.tar.zst
Successfully downloaded msys2-msys2-runtime-3.6.5-1-x86_64.pkg.tar.zst
-- Using msys root at G:/vcpkg/downloads/tools/msys2/3e71d1f8e22ab23f
-- Installing: G:/vcpkg/packages/asio_x64-windows/share/asio/asio-config.cmake
-- Installing: G:/vcpkg/packages/asio_x64-windows/share/asio/copyright
-- Performing post-build validation
Starting submission of asio:x64-windows@1.32.0 to 1 binary cache(s) in the background
Elapsed time to handle asio:x64-windows: 17 s
Completed submission of vcpkg-cmake:x64-windows@2024-04-23 to 1 binary cache(s) in 42.9 ms
Installing 4/4 nlohmann-json:x64-windows@3.12.0#2...
nlohmann-json:x64-windows@3.12.0#2 package ABI: c5611ed1e46c4bde2768e0f979c21159c1eea5083a037cd8ce9346b8d1e9163c
Building nlohmann-json:x64-windows@3.12.0#2...
-- Using cached nlohmann-json-v3.12.0.tar.gz
-- Extracting source G:/vcpkg/downloads/nlohmann-json-v3.12.0.tar.gz
-- Applying patch fix-4736_char8_t.patch
-- Applying patch fix-4742_std_optional.patch
-- Using source at G:/vcpkg/buildtrees/nlohmann-json/src/v3.12.0-89fed620e6.clean
-- Configuring x64-windows
-- Building x64-windows-dbg
-- Building x64-windows-rel
-- Fixing pkgconfig file: G:/vcpkg/packages/nlohmann-json_x64-windows/share/pkgconfig/nlohmann_json.pc
-- Using cached msys2-mingw-w64-x86_64-pkgconf-1~2.5.1-1-any.pkg.tar.zst
-- Using cached msys2-msys2-runtime-3.6.5-1-x86_64.pkg.tar.zst
-- Using msys root at G:/vcpkg/downloads/tools/msys2/3e71d1f8e22ab23f
-- Fixing pkgconfig file: G:/vcpkg/packages/nlohmann-json_x64-windows/debug/share/pkgconfig/nlohmann_json.pc
-- Installing: G:/vcpkg/packages/nlohmann-json_x64-windows/share/nlohmann-json/copyright
-- Performing post-build validation
Starting submission of nlohmann-json:x64-windows@3.12.0#2 to 1 binary cache(s) in the background
Elapsed time to handle nlohmann-json:x64-windows: 3.5 s
Installed contents are licensed to you by owners. Microsoft is not responsible for, nor does it grant any licenses to, third-party packages.
Packages installed in this vcpkg installation declare the following licenses:
BSL-1.0
MIT
asio provides CMake targets:

  # this is heuristically generated, and may not be correct
  find_package(asio CONFIG REQUIRED)
  target_link_libraries(main PRIVATE asio::asio)

asio provides pkg-config modules:

  # A cross-platform C++ library for network and low-level I/O programming that provides developers with a consistent asynchronous model using a modern C++ approach.
  asio

The package nlohmann-json provides CMake targets:

    find_package(nlohmann_json CONFIG REQUIRED)
    target_link_libraries(main PRIVATE nlohmann_json::nlohmann_json)

The package nlohmann-json can be configured to not provide implicit conversions via a custom triplet file:

    set(nlohmann-json_IMPLICIT_CONVERSIONS OFF)

For more information, see the docs here:
    
    https://json.nlohmann.me/api/macros/json_use_implicit_conversions/

Completed submission of asio:x64-windows@1.32.0 to 1 binary cache(s) in 174 ms
Waiting for 1 remaining binary cache submissions...
Completed submission of nlohmann-json:x64-windows@3.12.0#2 to 1 binary cache(s) in 86.1 ms (1/1)
All requested installations completed successfully in: 21 s
